../Drivers/CMSIS/Include/core_cm0.h:623:22:__NVIC_EnableIRQ	16	static
../Drivers/CMSIS/Include/core_cm0.h:730:22:__NVIC_SetPriority	24	static
../Core/Src/main.c:155:5:main	16	static
../Core/Src/main.c:238:6:SystemClock_Config	112	static
../Core/Src/main.c:281:13:MX_USART2_UART_Init	8	static
../Core/Src/main.c:316:13:MX_GPIO_Init	16	static
../Core/Src/main.c:330:6:SetWaitTwoSec	8	static
../Core/Src/main.c:337:6:SetWaitOneSec	8	static
../Core/Src/main.c:344:6:SetWait3RC	8	static
../Core/Src/main.c:351:6:SetWait7RC	8	static
../Core/Src/main.c:358:6:EXTI0_1_IRQHandler	8	static
../Core/Src/main.c:368:5:debounceSwitch	24	static
../Core/Src/main.c:385:6:EXTI_Init	8	static
../Core/Src/main.c:408:7:Avg_and_remove_outliers_V_Supply	24	static
../Core/Src/main.c:425:7:Avg_and_remove_outliers_V_in	24	static
../Core/Src/main.c:442:6:sense_V_supply	32	static
../Core/Src/main.c:465:6:sense_V_in	32	static
../Core/Src/main.c:491:7:adcValtoVolts	32	static
../Core/Src/main.c:498:6:LED_init	8	static
../Core/Src/main.c:505:5:time_expired	24	static
../Core/Src/main.c:515:6:Precharge	8	static
../Core/Src/main.c:549:6:ConfigureVoltageSourcePin	8	static
../Core/Src/main.c:573:6:adc_init	8	static
../Core/Src/main.c:600:10:read_adc	24	static
../Core/Src/main.c:616:6:SysTick_Init	16	static
../Core/Src/main.c:634:6:DelayMSW	24	static
../Core/Src/main.c:642:6:SysTick_Handler	8	static
../Core/Src/main.c:656:6:Voltage_Print	24	static
../Core/Src/main.c:664:6:printTimestamp	8	static
../Core/Src/main.c:669:7:Average	32	static
../Core/Src/main.c:685:6:supplySenseLoop	8	static
../Core/Src/main.c:697:6:PreChargeRelayCTRL	16	static
../Core/Src/main.c:705:6:ContactorRelayCTRL	16	static
../Core/Src/main.c:713:5:PreChargeRelayIsON	16	static
../Core/Src/main.c:723:5:VoltageInRange	24	static
../Core/Src/main.c:738:6:Error_Handler	8	static,ignoring_inline_asm
